// Vitest Snapshot v1

exports[`renders a error state 1`] = `
<div>
  <section>
    <div
      class="irs-error-page MuiBox-root css-0"
    >
      <div
        class="irs-error-page-header MuiBox-root css-0"
      >
        <h1>
          global.errors.title
        </h1>
      </div>
      <div
        class="error-page-body MuiBox-root css-0"
      >
        <p>
          global.errors.description
        </p>
        <p>
          <i>
            test error
          </i>
        </p>
      </div>
    </div>
  </section>
</div>
`;

exports[`renders a loading state 1`] = `<div />`;
