// Jest Snapshot v1, https://goo.gl/fbAQLP

exports[`renders the tombstone information 1`] = `
<div>
  <section
    style="padding: 34px 20px;"
  >
    <div
      class="irs-job-details MuiBox-root css-0"
    >
      <div
        class="irs-job-details-header MuiBox-root css-0"
      >
        <h5>
          content.irs.jobDetails.title
        </h5>
      </div>
      <div
        class="irs-job-details-content MuiBox-root css-0"
      >
        <div
          class="MuiGrid-root css-vj1n65-MuiGrid-root"
        >
          <hr
            class="MuiDivider-root MuiDivider-fullWidth css-1pdy5v-MuiDivider-root"
          />
          <div
            class="MuiGrid-root MuiGrid-container css-15v7om4-MuiGrid-root"
          >
            <div
              class="MuiGrid-root MuiGrid-item MuiGrid-grid-xs-6 css-1osj8n2-MuiGrid-root"
            >
              Job ID:
            </div>
            <div
              class="MuiGrid-root MuiGrid-item MuiGrid-grid-xs-6 css-vgqnfl-MuiGrid-root"
            >
              e5347c88-a921-11ec-b909-0242ac120002
            </div>
          </div>
          <hr
            class="MuiDivider-root MuiDivider-fullWidth css-1pdy5v-MuiDivider-root"
          />
          <div
            class="MuiGrid-root MuiGrid-container css-15v7om4-MuiGrid-root"
          >
            <div
              class="MuiGrid-root MuiGrid-item MuiGrid-grid-xs-6 css-1osj8n2-MuiGrid-root"
            >
              content.irs.jobDetails.globalAssetId
            </div>
            <div
              class="MuiGrid-root MuiGrid-item MuiGrid-grid-xs-6 css-vgqnfl-MuiGrid-root"
            >
              urn:uuid:6c311d29-5753-46d4-b32c-19b918ea93b0
            </div>
          </div>
          <hr
            class="MuiDivider-root MuiDivider-fullWidth css-1pdy5v-MuiDivider-root"
          />
          <div
            class="MuiGrid-root MuiGrid-container css-15v7om4-MuiGrid-root"
          >
            <div
              class="MuiGrid-root MuiGrid-item MuiGrid-grid-xs-6 css-1osj8n2-MuiGrid-root"
            >
              Job State:
            </div>
            <div
              class="MuiGrid-root MuiGrid-item MuiGrid-grid-xs-6 css-vgqnfl-MuiGrid-root"
            >
              COMPLETED
            </div>
          </div>
          <hr
            class="MuiDivider-root MuiDivider-fullWidth css-1pdy5v-MuiDivider-root"
          />
          <div
            class="MuiGrid-root MuiGrid-container css-15v7om4-MuiGrid-root"
          >
            <div
              class="MuiGrid-root MuiGrid-item MuiGrid-grid-xs-6 css-1osj8n2-MuiGrid-root"
            >
              content.irs.jobDetails.exception
            </div>
            <div
              class="MuiGrid-root MuiGrid-item MuiGrid-grid-xs-6 css-vgqnfl-MuiGrid-root"
            >
              <pre
                style="display: block; overflow-x: auto; padding: 0.5em; background: white; color: black;"
              >
                <code
                  style="white-space: pre;"
                >
                  <span>
                    {

                  </span>
                  <span>
                      "
                  </span>
                  <span
                    style="color: rgb(0, 0, 0);"
                  >
                    errorDetail
                  </span>
                  <span
                    style="color: rgb(0, 136, 0);"
                  >
                    ": "
                  </span>
                  <span>
                    Timeout while requesting Digital Registry
                  </span>
                  <span
                    style="color: rgb(0, 136, 0);"
                  >
                    ",

                  </span>
                  <span
                    style="color: rgb(0, 136, 0);"
                  >
                      "
                  </span>
                  <span>
                    exception
                  </span>
                  <span
                    style="color: rgb(0, 136, 0);"
                  >
                    ": "
                  </span>
                  <span>
                    IrsTimeoutException
                  </span>
                  <span
                    style="color: rgb(0, 136, 0);"
                  >
                    ",

                  </span>
                  <span
                    style="color: rgb(0, 136, 0);"
                  >
                      "
                  </span>
                  <span>
                    exceptionDate
                  </span>
                  <span
                    style="color: rgb(0, 136, 0);"
                  >
                    ": "
                  </span>
                  <span
                    style="color: rgb(0, 102, 102);"
                  >
                    2022
                  </span>
                  <span>
                    -
                  </span>
                  <span
                    style="color: rgb(0, 102, 102);"
                  >
                    02
                  </span>
                  <span>
                    -
                  </span>
                  <span
                    style="color: rgb(0, 102, 102);"
                  >
                    03
                  </span>
                  <span>
                    T
                  </span>
                  <span
                    style="color: rgb(0, 102, 102);"
                  >
                    14
                  </span>
                  <span>
                    :
                  </span>
                  <span
                    style="color: rgb(0, 102, 102);"
                  >
                    48
                  </span>
                  <span>
                    :
                  </span>
                  <span
                    style="color: rgb(0, 102, 102);"
                  >
                    54
                  </span>
                  <span>
                    .
                  </span>
                  <span
                    style="color: rgb(0, 102, 102);"
                  >
                    709
                  </span>
                  <span>
                    Z
                  </span>
                  <span
                    style="color: rgb(0, 136, 0);"
                  >
                    "

                  </span>
                  <span
                    style="color: rgb(0, 136, 0);"
                  >
                    }
                  </span>
                </code>
              </pre>
            </div>
          </div>
          <hr
            class="MuiDivider-root MuiDivider-fullWidth css-1pdy5v-MuiDivider-root"
          />
          <div
            class="MuiGrid-root MuiGrid-container css-15v7om4-MuiGrid-root"
          >
            <div
              class="MuiGrid-root MuiGrid-item MuiGrid-grid-xs-6 css-1osj8n2-MuiGrid-root"
            >
              content.irs.jobDetails.createdOn
            </div>
            <div
              class="MuiGrid-root MuiGrid-item MuiGrid-grid-xs-6 css-vgqnfl-MuiGrid-root"
            >
              2022-02-03 14:48:54
            </div>
          </div>
          <hr
            class="MuiDivider-root MuiDivider-fullWidth css-1pdy5v-MuiDivider-root"
          />
          <div
            class="MuiGrid-root MuiGrid-container css-15v7om4-MuiGrid-root"
          >
            <div
              class="MuiGrid-root MuiGrid-item MuiGrid-grid-xs-6 css-1osj8n2-MuiGrid-root"
            >
              content.irs.jobDetails.startedOn
            </div>
            <div
              class="MuiGrid-root MuiGrid-item MuiGrid-grid-xs-6 css-vgqnfl-MuiGrid-root"
            >
              2022-02-03 14:48:54
            </div>
          </div>
          <hr
            class="MuiDivider-root MuiDivider-fullWidth css-1pdy5v-MuiDivider-root"
          />
          <div
            class="MuiGrid-root MuiGrid-container css-15v7om4-MuiGrid-root"
          >
            <div
              class="MuiGrid-root MuiGrid-item MuiGrid-grid-xs-6 css-1osj8n2-MuiGrid-root"
            >
              content.irs.jobDetails.lastModifiedOn
            </div>
            <div
              class="MuiGrid-root MuiGrid-item MuiGrid-grid-xs-6 css-vgqnfl-MuiGrid-root"
            >
              2022-02-03 14:48:54
            </div>
          </div>
          <hr
            class="MuiDivider-root MuiDivider-fullWidth css-1pdy5v-MuiDivider-root"
          />
          <div
            class="MuiGrid-root MuiGrid-container css-15v7om4-MuiGrid-root"
          >
            <div
              class="MuiGrid-root MuiGrid-item MuiGrid-grid-xs-6 css-1osj8n2-MuiGrid-root"
            >
              content.irs.jobDetails.jobCompleted
            </div>
            <div
              class="MuiGrid-root MuiGrid-item MuiGrid-grid-xs-6 css-vgqnfl-MuiGrid-root"
            >
              2022-02-03 14:48:54
            </div>
          </div>
          <hr
            class="MuiDivider-root MuiDivider-fullWidth css-1pdy5v-MuiDivider-root"
          />
          <div
            class="MuiGrid-root MuiGrid-container css-15v7om4-MuiGrid-root"
          >
            <div
              class="MuiGrid-root MuiGrid-item MuiGrid-grid-xs-6 css-1osj8n2-MuiGrid-root"
            >
              content.irs.jobDetails.owner
            </div>
            <div
              class="MuiGrid-root MuiGrid-item MuiGrid-grid-xs-6 css-vgqnfl-MuiGrid-root"
            />
          </div>
          <hr
            class="MuiDivider-root MuiDivider-fullWidth css-1pdy5v-MuiDivider-root"
          />
          <div
            class="MuiGrid-root MuiGrid-container css-15v7om4-MuiGrid-root"
          >
            <div
              class="MuiGrid-root MuiGrid-item MuiGrid-grid-xs-6 css-1osj8n2-MuiGrid-root"
            >
              content.irs.jobDetails.summary
            </div>
            <div
              class="MuiGrid-root MuiGrid-item MuiGrid-grid-xs-6 css-vgqnfl-MuiGrid-root"
            >
              <pre
                style="display: block; overflow-x: auto; padding: 0.5em; background: white; color: black;"
              >
                <code
                  style="white-space: pre;"
                >
                  <span>
                    {

                  </span>
                  <span>
                      
                  </span>
                  <span
                    style="color: rgb(102, 0, 102);"
                  >
                    "asyncFetchedItems"
                  </span>
                  <span>
                    : {

                  </span>
                  <span>
                        
                  </span>
                  <span
                    style="color: rgb(102, 0, 102);"
                  >
                    "completed"
                  </span>
                  <span>
                    : 
                  </span>
                  <span
                    style="color: rgb(0, 102, 102);"
                  >
                    0
                  </span>
                  <span>
                    ,

                  </span>
                  <span>
                        
                  </span>
                  <span
                    style="color: rgb(102, 0, 102);"
                  >
                    "failed"
                  </span>
                  <span>
                    : 
                  </span>
                  <span
                    style="color: rgb(0, 102, 102);"
                  >
                    0
                  </span>
                  <span>
                    ,

                  </span>
                  <span>
                        
                  </span>
                  <span
                    style="color: rgb(102, 0, 102);"
                  >
                    "running"
                  </span>
                  <span>
                    : 
                  </span>
                  <span
                    style="color: rgb(0, 102, 102);"
                  >
                    0
                  </span>
                  <span>
                    

                  </span>
                    }

                  }
                </code>
              </pre>
            </div>
          </div>
          <hr
            class="MuiDivider-root MuiDivider-fullWidth css-1pdy5v-MuiDivider-root"
          />
          <div
            class="MuiGrid-root MuiGrid-container css-15v7om4-MuiGrid-root"
          >
            <div
              class="MuiGrid-root MuiGrid-item MuiGrid-grid-xs-6 css-1osj8n2-MuiGrid-root"
            >
              content.irs.jobDetails.jobParameter
            </div>
            <div
              class="MuiGrid-root MuiGrid-item MuiGrid-grid-xs-6 css-vgqnfl-MuiGrid-root"
            >
              <pre
                style="display: block; overflow-x: auto; padding: 0.5em; background: white; color: black;"
              >
                <code
                  style="white-space: pre;"
                >
                  <span>
                    {

                  </span>
                  <span>
                      
                  </span>
                  <span
                    style="color: rgb(102, 0, 102);"
                  >
                    "aspects"
                  </span>
                  <span>
                    : [

                  </span>
                  <span>
                        
                  </span>
                  <span
                    style="color: rgb(0, 136, 0);"
                  >
                    "SerialPartTypization"
                  </span>
                  <span>
                    ,

                  </span>
                  <span>
                        
                  </span>
                  <span
                    style="color: rgb(0, 136, 0);"
                  >
                    "ContactInformation"
                  </span>
                  <span>
                    

                  </span>
                    ],

                  <span>
                      
                  </span>
                  <span
                    style="color: rgb(102, 0, 102);"
                  >
                    "bomLifecycle"
                  </span>
                  <span>
                    : 
                  </span>
                  <span
                    style="color: rgb(0, 136, 0);"
                  >
                    "asBuilt"
                  </span>
                  <span>
                    ,

                  </span>
                  <span>
                      
                  </span>
                  <span
                    style="color: rgb(102, 0, 102);"
                  >
                    "collectAspects"
                  </span>
                  <span>
                    : 
                  </span>
                  <span
                    style="color: rgb(0, 102, 102);"
                  >
                    false
                  </span>
                  <span>
                    ,

                  </span>
                  <span>
                      
                  </span>
                  <span
                    style="color: rgb(102, 0, 102);"
                  >
                    "depth"
                  </span>
                  <span>
                    : 
                  </span>
                  <span
                    style="color: rgb(0, 102, 102);"
                  >
                    4
                  </span>
                  <span>
                    ,

                  </span>
                  <span>
                      
                  </span>
                  <span
                    style="color: rgb(102, 0, 102);"
                  >
                    "direction"
                  </span>
                  <span>
                    : 
                  </span>
                  <span
                    style="color: rgb(0, 136, 0);"
                  >
                    "downward"
                  </span>
                  <span>
                    

                  </span>
                  }
                </code>
              </pre>
            </div>
          </div>
        </div>
      </div>
    </div>
  </section>
</div>
`;
