// Jest Snapshot v1, https://goo.gl/fbAQLP

exports[`renders the App  1`] = `
<div>
  <div>
    <header
      class="css-on3ivn"
    >
      <div
        class="MuiBox-root css-1becb2a"
      >
        <div
          class="MuiBox-root css-429xfk"
        >
          <img
            class="MuiBox-root css-1emgxcc"
            src="/img/cx-logo-text.svg"
          />
        </div>
        <div
          class="MuiBox-root css-14tu3sa"
        >
          <nav
            class="MuiBox-root css-2imjyh"
          />
        </div>
        <div
          class="MuiBox-root css-19g4w2v"
        >
          <div
            class="MuiBox-root css-0"
          >
            <button
              class="MuiButtonBase-root MuiButton-root MuiButton-contained MuiButton-containedSecondary MuiButton-sizeSmall MuiButton-containedSizeSmall MuiButton-root MuiButton-contained MuiButton-containedSecondary MuiButton-sizeSmall MuiButton-containedSizeSmall css-73kr90-MuiButtonBase-root-MuiButton-root"
              tabindex="0"
              type="button"
            >
              Help
              <span
                class="MuiTouchRipple-root css-8je8zh-MuiTouchRipple-root"
              />
            </button>
          </div>
        </div>
      </div>
    </header>
    <div
      class="MuiBox-root css-19x6net"
    >
      <div
        class="MuiBox-root css-1ybz6by"
      >
        <img
          alt="home stage"
          class="object-fit x-left-40"
          src="./img/home-stage-desktop.png"
          style="bottom: 0px; height: 100%; left: 0px; object-fit: cover; right: 0px; top: 0px; visibility: visible; width: 100%;"
        />
      </div>
      <div
        class="MuiBox-root css-xownll"
      >
        <h2
          class="MuiTypography-root MuiTypography-h2 css-19hh24g-MuiTypography-root"
        >
          Welcome to IRS Debugging
        </h2>
        <h2
          class="MuiTypography-root MuiTypography-h2 css-rixte6-MuiTypography-root"
        >
          Lorem Ipsum
        </h2>
        <div
          class="children-header"
        >
          <a
            href="/dashboard"
          >
            <button
              class="MuiButtonBase-root MuiButton-root MuiButton-contained MuiButton-containedPrimary MuiButton-sizeMedium MuiButton-containedSizeMedium MuiButton-root MuiButton-contained MuiButton-containedPrimary MuiButton-sizeMedium MuiButton-containedSizeMedium css-sghohy-MuiButtonBase-root-MuiButton-root"
              tabindex="0"
              type="button"
            >
              Login
              <span
                class="MuiTouchRipple-root css-8je8zh-MuiTouchRipple-root"
              />
            </button>
          </a>
        </div>
      </div>
    </div>
  </div>
</div>
`;
